D:\A\Dev\JobPortal BackUpData\jobportal\src\main\java\com\luv2code\jobportal\config\CustomAuthenticationSuccessHandler.java
D:\A\Dev\JobPortal BackUpData\jobportal\src\main\java\com\luv2code\jobportal\config\MvcConfig.java
D:\A\Dev\JobPortal BackUpData\jobportal\src\main\java\com\luv2code\jobportal\config\WebSecurityConfig.java
D:\A\Dev\JobPortal BackUpData\jobportal\src\main\java\com\luv2code\jobportal\controller\HomeController.java
D:\A\Dev\JobPortal BackUpData\jobportal\src\main\java\com\luv2code\jobportal\controller\JobPostActivityController.java
D:\A\Dev\JobPortal BackUpData\jobportal\src\main\java\com\luv2code\jobportal\controller\JobSeekerApplyController.java
D:\A\Dev\JobPortal BackUpData\jobportal\src\main\java\com\luv2code\jobportal\controller\JobSeekerProfileController.java
D:\A\Dev\JobPortal BackUpData\jobportal\src\main\java\com\luv2code\jobportal\controller\JobSeekerSaveController.java
D:\A\Dev\JobPortal BackUpData\jobportal\src\main\java\com\luv2code\jobportal\controller\RecruiterProfileController.java
D:\A\Dev\JobPortal BackUpData\jobportal\src\main\java\com\luv2code\jobportal\controller\UsersController.java
D:\A\Dev\JobPortal BackUpData\jobportal\src\main\java\com\luv2code\jobportal\entity\IRecruiterJobs.java
D:\A\Dev\JobPortal BackUpData\jobportal\src\main\java\com\luv2code\jobportal\entity\JobCompany.java
D:\A\Dev\JobPortal BackUpData\jobportal\src\main\java\com\luv2code\jobportal\entity\JobLocation.java
D:\A\Dev\JobPortal BackUpData\jobportal\src\main\java\com\luv2code\jobportal\entity\JobPostActivity.java
D:\A\Dev\JobPortal BackUpData\jobportal\src\main\java\com\luv2code\jobportal\entity\JobSeekerApply.java
D:\A\Dev\JobPortal BackUpData\jobportal\src\main\java\com\luv2code\jobportal\entity\JobSeekerProfile.java
D:\A\Dev\JobPortal BackUpData\jobportal\src\main\java\com\luv2code\jobportal\entity\JobSeekerSave.java
D:\A\Dev\JobPortal BackUpData\jobportal\src\main\java\com\luv2code\jobportal\entity\RecruiterJobsDto.java
D:\A\Dev\JobPortal BackUpData\jobportal\src\main\java\com\luv2code\jobportal\entity\RecruiterProfile.java
D:\A\Dev\JobPortal BackUpData\jobportal\src\main\java\com\luv2code\jobportal\entity\Skills.java
D:\A\Dev\JobPortal BackUpData\jobportal\src\main\java\com\luv2code\jobportal\entity\Users.java
D:\A\Dev\JobPortal BackUpData\jobportal\src\main\java\com\luv2code\jobportal\entity\UsersType.java
D:\A\Dev\JobPortal BackUpData\jobportal\src\main\java\com\luv2code\jobportal\JobportalApplication.java
D:\A\Dev\JobPortal BackUpData\jobportal\src\main\java\com\luv2code\jobportal\repository\JobPostActivityRepository.java
D:\A\Dev\JobPortal BackUpData\jobportal\src\main\java\com\luv2code\jobportal\repository\JobSeekerApplyRepository.java
D:\A\Dev\JobPortal BackUpData\jobportal\src\main\java\com\luv2code\jobportal\repository\JobSeekerProfileRepository.java
D:\A\Dev\JobPortal BackUpData\jobportal\src\main\java\com\luv2code\jobportal\repository\JobSeekerSaveRepository.java
D:\A\Dev\JobPortal BackUpData\jobportal\src\main\java\com\luv2code\jobportal\repository\RecruiterProfileRepository.java
D:\A\Dev\JobPortal BackUpData\jobportal\src\main\java\com\luv2code\jobportal\repository\UsersRepository.java
D:\A\Dev\JobPortal BackUpData\jobportal\src\main\java\com\luv2code\jobportal\repository\UsersTypeRepository.java
D:\A\Dev\JobPortal BackUpData\jobportal\src\main\java\com\luv2code\jobportal\services\CustomUserDetailsService.java
D:\A\Dev\JobPortal BackUpData\jobportal\src\main\java\com\luv2code\jobportal\services\JobPostActivityService.java
D:\A\Dev\JobPortal BackUpData\jobportal\src\main\java\com\luv2code\jobportal\services\JobSeekerApplyService.java
D:\A\Dev\JobPortal BackUpData\jobportal\src\main\java\com\luv2code\jobportal\services\JobSeekerProfileService.java
D:\A\Dev\JobPortal BackUpData\jobportal\src\main\java\com\luv2code\jobportal\services\JobSeekerSaveService.java
D:\A\Dev\JobPortal BackUpData\jobportal\src\main\java\com\luv2code\jobportal\services\RecruiterProfileService.java
D:\A\Dev\JobPortal BackUpData\jobportal\src\main\java\com\luv2code\jobportal\services\UsersService.java
D:\A\Dev\JobPortal BackUpData\jobportal\src\main\java\com\luv2code\jobportal\services\UsersTypeService.java
D:\A\Dev\JobPortal BackUpData\jobportal\src\main\java\com\luv2code\jobportal\util\CustomeUserDetails.java
D:\A\Dev\JobPortal BackUpData\jobportal\src\main\java\com\luv2code\jobportal\util\CustomUserDetails.java
D:\A\Dev\JobPortal BackUpData\jobportal\src\main\java\com\luv2code\jobportal\util\FileDownloadUtil.java
D:\A\Dev\JobPortal BackUpData\jobportal\src\main\java\com\luv2code\jobportal\util\FileUploadUtil.java
